[backblue.gif]
[fade.gif]
[index.html]
[otae.com.bd/wp-content/uploads/2019/09/11da2.jpg]
[otae.com.bd/feed/index.html]
[otae.com.bd/comments/feed/index.html]
[otae.com.bd/wp-includes/js/jquery/jquery.minaf6c.js]
[otae.com.bd/wp-includes/js/jquery/jquery-migrate.mind617.js]
[otae.com.bd/wp-content/plugins/revslider/public/assets/js/revolution.tools.minf049.js]
[otae.com.bd/wp-content/plugins/revslider/public/assets/js/rs6.min6a4d.js]
[otae.com.bd/wp-content/plugins/woocommerce/assets/js/jquery-blockui/jquery.blockUI.min44fd.js]
[otae.com.bd/wp-content/plugins/woocommerce/assets/js/frontend/add-to-cart.minf3df.js]
[otae.com.bd/wp-content/plugins/js_composer/assets/js/vendors/woocommerce-add-to-cart52c7.js]
[otae.com.bd/wp-json/index.html]
[otae.com.bd/wp-json/wp/v2/pages/1096.json]
[otae.com.bd/xmlrpc0db0.php]
[otae.com.bd/wp-includes/wlwmanifest.xml]
[otae.com.bd/wp-json/oembed/1.0/embedd804.json]
[otae.com.bd/wp-json/oembed/1.0/embed8cb1]
[otae.com.bd/wp-content/uploads/2019/09/cropped-otae_logo-Copy-32x32.png]
[otae.com.bd/wp-content/uploads/2019/09/cropped-otae_logo-Copy-192x192.png]
[otae.com.bd/wp-content/uploads/2019/09/cropped-otae_logo-Copy-180x180.png]
[otae.com.bd/wp-content/uploads/2019/09/otae_logo-2.png]
[anpsthemes.com/industrial/demo-2/wp-content/uploads/2016/06/logo-demo-2.png]
[otae.com.bd/wp-content/uploads/2019/09/ant-rozetsky-SLIFI67jv5k-unsplash.jpg]
[otae.com.bd/wp-content/uploads/2019/09/Procurement-Picture42.jpg]
[otae.com.bd/wp-content/uploads/2019/09/construction.jpg]
[otae.com.bd/wp-content/uploads/2019/09/Untitled-design-500x334.jpg]
[otae.com.bd/wp-content/uploads/2019/09/rsz_1code_on_screen_1600x900.jpg]
[otae.com.bd/wp-content/uploads/2019/09/rsz_ocpc_industry_hightechnology_353666.jpg]
[otae.com.bd/wp-content/uploads/2019/09/Infrasctructure-eng.jpg]
[otae.com.bd/wp-content/uploads/2019/11/kepco-contract-signing1.jpg]
[otae.com.bd/wp-content/uploads/2019/10/m_Checked-Received.jpg]
[otae.com.bd/wp-content/uploads/2019/10/m_Contract-Sign.jpg]
[otae.com.bd/wp-content/uploads/2019/10/m_Rana@Turkey.jpg]
[otae.com.bd/wp-content/uploads/2019/09/rsz_69621683_2303252163321471_8430452917177155584_n.jpg]
[otae.com.bd/wp-content/uploads/2019/09/rsz_55945056_2195723950740960_7601788833394327552_n.jpg]
[otae.com.bd/wp-content/uploads/2019/09/rsz_contract.jpg]
[otae.com.bd/wp-content/uploads/2019/09/rsz_img_20190516_163239.jpg]
[otae.com.bd/wp-content/uploads/2019/09/DATAWATT.png]
[otae.com.bd/wp-content/uploads/2019/09/EKOS-1.png]
[otae.com.bd/wp-content/uploads/2019/09/metro-electrik.png]
[otae.com.bd/wp-content/uploads/2019/09/ids.png]
[otae.com.bd/wp-content/uploads/2019/09/etap-service-integrator-logo.png]
[otae.com.bd/wp-content/uploads/2019/09/download-1-359x283.jpg]
[otae.com.bd/wp-content/uploads/2019/09/wzpdcl-project-359x283.jpg]
[otae.com.bd/wp-content/uploads/2019/09/rsz_photo-1546448396-6aef80193ceb-359x283.jpg]
[otae.com.bd/wp-content/uploads/2020/01/etap-certificate-full-image.png]
[otae.com.bd/wp-content/uploads/2019/09/Babylon.jpg]
[otae.com.bd/wp-content/uploads/2019/09/Chittahong-WASA.jpg]
[otae.com.bd/wp-content/uploads/2019/09/Descologo.jpg]
[otae.com.bd/wp-content/uploads/2019/09/Dhaka_wasa.jpg]
[otae.com.bd/wp-content/uploads/2019/09/DUET.png]
[otae.com.bd/wp-content/uploads/2019/09/logo_deshbandhu.jpg]
[otae.com.bd/wp-content/uploads/2019/09/padma.jpg]
[otae.com.bd/wp-content/uploads/2019/09/pdb.jpg]
[otae.com.bd/wp-content/uploads/2019/09/PGCB.png]
[otae.com.bd/wp-content/uploads/2019/09/REB.jpg]
[otae.com.bd/wp-content/uploads/2019/09/rupantarita-prakritik-gas-company-limited.jpg]
[otae.com.bd/wp-content/uploads/2019/09/vitens.png]
[otae.com.bd/wp-content/uploads/2019/09/wzpdcl-png-1.png]
[otae.com.bd/wp-content/plugins/contact-form-7/includes/js/scripts58e0.js]
[otae.com.bd/wp-content/plugins/woocommerce/assets/js/js-cookie/js.cookie.min6b25.js]
[otae.com.bd/wp-content/plugins/woocommerce/assets/js/frontend/woocommerce.minf3df.js]
[otae.com.bd/wp-content/plugins/woocommerce/assets/js/frontend/cart-fragments.minf3df.js]
[otae.com.bd/wp-content/themes/industrial/js/modernizrc8d8.js]
[otae.com.bd/wp-content/themes/industrial/js/counttoc8d8.js]
[otae.com.bd/wp-includes/js/dist/vendor/moment.min95d7.js]
[otae.com.bd/wp-content/themes/industrial/js/pikadayc8d8.js]
[otae.com.bd/wp-content/themes/industrial/js/jquery.swipeboxc8d8.js]
[otae.com.bd/wp-content/themes/industrial/js/bootstrap/bootstrap.minc8d8.js]
[otae.com.bd/wp-content/plugins/js_composer/assets/lib/bower/isotope/dist/isotope.pkgd.min52c7.js]
[otae.com.bd/wp-content/themes/industrial/js/doubletaptogoc8d8.js]
[otae.com.bd/wp-content/themes/industrial/js/flexibilityc8d8.js]
[otae.com.bd/wp-content/themes/industrial/js/functionsc8d8.js]
[otae.com.bd/wp-content/themes/industrial/js/owlcarousel/owl.carouselc8d8.js]
[otae.com.bd/wp-content/plugins/newsletter/subscription/validateb7d5.js]
[otae.com.bd/wp-includes/js/wp-embed.minc8d8.js]
[otae.com.bd/wp-content/themes/industrial/js/waypoints/jquery.waypoints.minc8d8.js]
[otae.com.bd/wp-content/plugins/js_composer/assets/js/dist/js_composer_front.min52c7.js]
[otae.com.bd/wp-content/plugins/js_composer/assets/lib/vc_carousel/js/transition.min52c7.js]
[otae.com.bd/wp-content/plugins/js_composer/assets/lib/vc_carousel/js/vc_carousel.min52c7.js]
[otae.com.bd/wp-content/plugins/js_composer/assets/lib/vc_waypoints/vc-waypoints.min52c7.js]
[otae.com.bd/index.html]
[otae.com.bd/xmlrpc.php]
[otae.com.bd/wp-content/plugins/woocommerce/packages/woocommerce-blocks/build/stylea1ec.css]
[otae.com.bd/wp-content/plugins/contact-form-7/images/ajax-loader.gif]
[otae.com.bd/wp-content/plugins/contact-form-7/includes/css/styles58e0.css]
[otae.com.bd/wp-content/plugins/revslider/public/assets/fonts/revicons/revicons90c6.eot]
[otae.com.bd/wp-content/plugins/revslider/public/assets/fonts/revicons/revicons90c6.woff]
[otae.com.bd/wp-content/plugins/revslider/public/assets/fonts/revicons/revicons90c6.ttf]
[otae.com.bd/wp-content/plugins/revslider/public/assets/assets/gridtile.png]
[otae.com.bd/wp-content/plugins/revslider/public/assets/assets/gridtile_white.png]
[otae.com.bd/wp-content/plugins/revslider/public/assets/assets/gridtile_3x3.png]
[otae.com.bd/wp-content/plugins/revslider/public/assets/assets/gridtile_3x3_white.png]
[otae.com.bd/wp-content/plugins/revslider/public/assets/assets/coloredbg.png]
[otae.com.bd/wp-content/plugins/revslider/public/assets/assets/loader.gif]
[otae.com.bd/wp-content/plugins/revslider/public/assets/css/rs66a4d.css]
[otae.com.bd/wp-content/plugins/js_composer/assets/lib/bower/font-awesome/fonts/fontawesome-webfont3e6e.eot]
[otae.com.bd/wp-content/plugins/js_composer/assets/lib/bower/font-awesome/fonts/fontawesome-webfontd41d.eot]
[otae.com.bd/wp-content/plugins/js_composer/assets/lib/bower/font-awesome/fonts/fontawesome-webfont3e6e.woff2]
[otae.com.bd/wp-content/plugins/js_composer/assets/lib/bower/font-awesome/fonts/fontawesome-webfont3e6e.woff]
[otae.com.bd/wp-content/plugins/js_composer/assets/lib/bower/font-awesome/fonts/fontawesome-webfont3e6e.ttf]
[otae.com.bd/wp-content/plugins/js_composer/assets/lib/bower/font-awesome/css/font-awesome.min52c7.css]
[otae.com.bd/wp-content/themes/industrial/js/owlcarousel/assets/owl.video.play.png]
[otae.com.bd/wp-content/themes/industrial/js/owlcarousel/assets/owl.carouselc8d8.css]
[otae.com.bd/wp-content/themes/industrial/css/bootstrapc8d8.css]
[otae.com.bd/wp-content/themes/industrial/css/pikadayc8d8.css]
[otae.com.bd/wp-content/themes/industrial/css/boxed/pattern-1.png]
[otae.com.bd/wp-content/themes/industrial/css/boxed/pattern-2.png]
[otae.com.bd/wp-content/themes/industrial/css/boxed/pattern-3.png]
[otae.com.bd/wp-content/themes/industrial/css/boxed/pattern-4.png]
[otae.com.bd/wp-content/themes/industrial/css/boxed/pattern-5.png]
[otae.com.bd/wp-content/themes/industrial/css/boxed/pattern-6.png]
[otae.com.bd/wp-content/themes/industrial/css/boxed/pattern-7.png]
[otae.com.bd/wp-content/themes/industrial/css/boxed/pattern-8.png]
[otae.com.bd/wp-content/themes/industrial/css/boxed/pattern-9.png]
[otae.com.bd/wp-content/themes/industrial/css/corec8d8.css]
[otae.com.bd/wp-content/themes/industrial/css/componentsc8d8.css]
[otae.com.bd/wp-content/themes/industrial/css/components/buttonc8d8.css]
[otae.com.bd/wp-content/themes/industrial/images/swipebox/loader.gif]
[otae.com.bd/wp-content/themes/industrial/images/swipebox/icons.png]
[otae.com.bd/wp-content/themes/industrial/css/swipeboxc8d8.css]
[otae.com.bd/wp-content/themes/industrial/stylec8d8.css]
[otae.com.bd/wp-content/themes/industrial/css/wordpressc8d8.css]
[otae.com.bd/wp-content/themes/industrial/customc8d8.css]
[otae.com.bd/wp-content/plugins/js_composer/assets/vc/alert.png]
[otae.com.bd/wp-content/plugins/js_composer/assets/vc/info.png]
[otae.com.bd/wp-content/plugins/js_composer/assets/vc/tick.png]
[otae.com.bd/wp-content/plugins/js_composer/assets/vc/exclamation.png]
[otae.com.bd/wp-content/plugins/js_composer/assets/images/icons/address-book.png]
[otae.com.bd/wp-content/plugins/js_composer/assets/images/icons/alarm-clock.png]
[otae.com.bd/wp-content/plugins/js_composer/assets/images/icons/anchor.png]
[otae.com.bd/wp-content/plugins/js_composer/assets/images/icons/application-image.png]
[otae.com.bd/wp-content/plugins/js_composer/assets/images/icons/arrow.png]
[otae.com.bd/wp-content/plugins/js_composer/assets/images/icons/asterisk.png]
[otae.com.bd/wp-content/plugins/js_composer/assets/images/icons/auction-hammer.png]
[otae.com.bd/wp-content/plugins/js_composer/assets/images/icons/balloon.png]
[otae.com.bd/wp-content/plugins/js_composer/assets/images/icons/balloon-buzz.png]
[otae.com.bd/wp-content/plugins/js_composer/assets/images/icons/balloon-facebook.png]
[otae.com.bd/wp-content/plugins/js_composer/assets/images/icons/balloon-twitter.png]
[otae.com.bd/wp-content/plugins/js_composer/assets/images/icons/battery-full.png]
[otae.com.bd/wp-content/plugins/js_composer/assets/images/icons/binocular.png]
[otae.com.bd/wp-content/plugins/js_composer/assets/images/icons/blue-document-excel.png]
[otae.com.bd/wp-content/plugins/js_composer/assets/images/icons/blue-document-image.png]
[otae.com.bd/wp-content/plugins/js_composer/assets/images/icons/blue-document-music.png]
[otae.com.bd/wp-content/plugins/js_composer/assets/images/icons/blue-document-office.png]
[otae.com.bd/wp-content/plugins/js_composer/assets/images/icons/blue-document-pdf.png]
[otae.com.bd/wp-content/plugins/js_composer/assets/images/icons/blue-document-powerpoint.png]
[otae.com.bd/wp-content/plugins/js_composer/assets/images/icons/blue-document-word.png]
[otae.com.bd/wp-content/plugins/js_composer/assets/images/icons/bookmark.png]
[otae.com.bd/wp-content/plugins/js_composer/assets/images/icons/camcorder.png]
[otae.com.bd/wp-content/plugins/js_composer/assets/images/icons/camera.png]
[otae.com.bd/wp-content/plugins/js_composer/assets/images/icons/chart.png]
[otae.com.bd/wp-content/plugins/js_composer/assets/images/icons/chart-pie.png]
[otae.com.bd/wp-content/plugins/js_composer/assets/images/icons/clock.png]
[otae.com.bd/wp-content/plugins/js_composer/assets/images/icons/control.png]
[otae.com.bd/wp-content/plugins/js_composer/assets/images/icons/fire.png]
[otae.com.bd/wp-content/plugins/js_composer/assets/images/icons/heart.png]
[otae.com.bd/wp-content/plugins/js_composer/assets/images/icons/mail.png]
[otae.com.bd/wp-content/plugins/js_composer/assets/images/icons/plus-shield.png]
[otae.com.bd/wp-content/plugins/js_composer/assets/images/icons/video.png]
[otae.com.bd/wp-content/plugins/js_composer/assets/fonts/vc_icons_v2/fonts/vcpb-plugin-iconsb82a.eot]
[otae.com.bd/wp-content/plugins/js_composer/assets/fonts/vc_icons_v2/fonts/vcpb-plugin-iconsb82a.ttf]
[otae.com.bd/wp-content/plugins/js_composer/assets/fonts/vc_icons_v2/fonts/vcpb-plugin-iconsb82a.woff]
[otae.com.bd/wp-content/plugins/js_composer/assets/images/toggle_open.png]
[otae.com.bd/wp-content/plugins/js_composer/assets/images/toggle_close.png]
[otae.com.bd/wp-content/plugins/js_composer/assets/images/flickr.png]
[otae.com.bd/wp-content/plugins/js_composer/assets/vc/remove.png]
[otae.com.bd/wp-content/plugins/js_composer/assets/css/js_composer.min52c7.css]
[otae.com.bd/wp-json/wp/v2/pages/1408.json]
[otae.com.bd/wp-json/oembed/1.0/embed0ba8.json]
[otae.com.bd/wp-json/oembed/1.0/embed225b]
[otae.com.bd/wp-content/uploads/2019/10/m_about-us-1.jpg]
[otae.com.bd/wp-content/uploads/2019/09/Chairman.jpg]
[otae.com.bd/wp-content/uploads/2016/01/RANA-Pic-1.jpg]
[otae.com.bd/wp-content/uploads/2016/01/m_d7d0b118-f999-40c6-93e1-93f6b25180d7-455x355.jpg]
[otae.com.bd/wp-content/uploads/2016/01/Mizan.jpg]
[otae.com.bd/wp-content/uploads/2019/09/OTAE-profile-2019-.pdf]
[otae.com.bd/about-us-2/index.html]
[otae.com.bd/wp-json/wp/v2/pages/1436.json]
[otae.com.bd/wp-json/oembed/1.0/embed89c0.json]
[otae.com.bd/wp-json/oembed/1.0/embed7ba9]
[otae.com.bd/wp-content/uploads/2019/09/wzpdcl-project.jpg]
[otae.com.bd/services/index.html]
[otae.com.bd/wp-json/wp/v2/pages/2502.json]
[otae.com.bd/wp-json/oembed/1.0/embeddc9e.json]
[otae.com.bd/wp-json/oembed/1.0/embed0bb3]
[otae.com.bd/wp-content/uploads/2019/09/page09.png]
[otae.com.bd/wp-content/uploads/2019/09/power-solution.png]
[otae.com.bd/wp-content/uploads/2019/09/dry-tx.png]
[otae.com.bd/wp-content/uploads/2019/09/sustainable.png]
[otae.com.bd/wp-content/uploads/2019/09/sustainable-blade.png]
[otae.com.bd/energy-power/index.html]
[otae.com.bd/wp-json/wp/v2/pages/2583.json]
[otae.com.bd/wp-json/oembed/1.0/embeda8ae.json]
[otae.com.bd/wp-json/oembed/1.0/embed37e4]
[otae.com.bd/wp-content/uploads/2019/09/software-deve.png]
[otae.com.bd/otae-software-development/index.html]
[otae.com.bd/wp-json/wp/v2/pages/2607.json]
[otae.com.bd/wp-json/oembed/1.0/embed3d5e.json]
[otae.com.bd/wp-json/oembed/1.0/embed52d3]
[otae.com.bd/wp-content/uploads/2019/09/indsutrial-process-automation.png]
[otae.com.bd/wp-content/uploads/2019/09/smart-water.png]
[otae.com.bd/industrial-process-automation-control-engineering/index.html]
[otae.com.bd/wp-json/wp/v2/pages/2614.json]
[otae.com.bd/wp-json/oembed/1.0/embedc394.json]
[otae.com.bd/wp-json/oembed/1.0/embedaa08]
[otae.com.bd/wp-content/uploads/2019/09/Green-bldg.png]
[otae.com.bd/infrastructure-engineering/index.html]
[otae.com.bd/wp-json/wp/v2/pages/1296.json]
[otae.com.bd/wp-json/oembed/1.0/embed0bab.json]
[otae.com.bd/wp-json/oembed/1.0/embed5796]
[otae.com.bd/wp-content/uploads/2019/09/autoTankGauging-150x150.png]
[otae.com.bd/wp-content/uploads/2019/09/MOV-150x150.png]
[otae.com.bd/wp-content/uploads/2019/09/HVAC-150x150.png]
[otae.com.bd/heavy-industrial-products/index.html]
[otae.com.bd/wp-json/wp/v2/pages/2781.json]
[otae.com.bd/wp-json/oembed/1.0/embed95dd.json]
[otae.com.bd/wp-json/oembed/1.0/embeda715]
[otae.com.bd/wp-content/uploads/2019/10/Programmable.png]
[otae.com.bd/wp-content/uploads/2019/10/Wireless.png]
[otae.com.bd/wp-content/uploads/2019/10/Compact-RTU.png]
[otae.com.bd/wp-content/uploads/2019/10/Smart-Modular.png]
[otae.com.bd/wp-content/uploads/2019/10/Gateway.png]
[otae.com.bd/wp-content/uploads/2019/10/Rack-Mounted.png]
[otae.com.bd/wp-content/uploads/2019/10/Electrical-SCADA.png]
[otae.com.bd/wp-content/uploads/2019/10/Distribution.png]
[otae.com.bd/wp-content/uploads/2019/10/Outage.png]
[otae.com.bd/wp-content/uploads/2019/10/Monitoring-Visualization.png]
[otae.com.bd/wp-content/uploads/2019/10/Alarm-Trending.png]
[otae.com.bd/wp-content/uploads/2019/10/Event-Playback-Data-Historian.png]
[otae.com.bd/wp-content/uploads/2019/10/Supervisory-Control.png]
[otae.com.bd/wp-content/uploads/2019/10/SCADA-Integrator.png]
[otae.com.bd/wp-content/uploads/2019/10/Network-Connectivity-.png]
[otae.com.bd/wp-content/uploads/2019/10/Distribution-State.png]
[otae.com.bd/wp-content/uploads/2019/10/Switching-Sequence-.png]
[otae.com.bd/wp-content/uploads/2019/10/Planned-Outage-Management.png]
[otae.com.bd/wp-content/uploads/2019/10/Storm-Assessment.png]
[otae.com.bd/wp-content/uploads/2019/10/Trouble-Call-Management.png]
[otae.com.bd/wp-content/uploads/2019/10/Outage-Analytics-Reporting.png]
[otae.com.bd/wp-content/uploads/2019/10/Outage-Prediction-Analysis.png]
[otae.com.bd/wp-content/uploads/2019/10/Crew-Dispatch-Management.png]
[otae.com.bd/wp-content/uploads/2019/10/Power-Management-System.png]
[otae.com.bd/wp-content/uploads/2019/10/Generation-Management-System-1.png]
[otae.com.bd/wp-content/uploads/2019/10/Energy-Management-System.png]
[otae.com.bd/wp-content/uploads/2019/10/Microgrid-Master-Controller.png]
[otae.com.bd/wp-content/uploads/2019/10/Advanced-Distribution-Management-System.png]
[otae.com.bd/wp-content/uploads/2019/10/Intelligent-Load-Shedding.png]
[otae.com.bd/wp-content/uploads/2019/10/Substation-Automation.png]
[otae.com.bd/wp-content/uploads/2019/10/DSG-Series.png]
[otae.com.bd/wp-content/uploads/2019/10/D26-TriCOM.png]
[otae.com.bd/wp-content/uploads/2019/10/D26-HydroCOM.png]
[otae.com.bd/wp-content/uploads/2019/10/Waterproof-housings.png]
[otae.com.bd/wp-content/uploads/2019/10/Stream.png]
[otae.com.bd/scada-and-automation/index.html]
[otae.com.bd/wp-json/wp/v2/pages/1313.json]
[otae.com.bd/wp-json/oembed/1.0/embed79ca.json]
[otae.com.bd/wp-json/oembed/1.0/embed03d5]
[otae.com.bd/wp-content/uploads/2019/09/AIr-150x150.png]
[otae.com.bd/wp-content/uploads/2019/09/drytx-150x150.png]
[otae.com.bd/wp-content/uploads/2019/09/gas-150x150.png]
[otae.com.bd/wp-content/uploads/2019/09/gasinsulated-150x150.png]
[otae.com.bd/power-products/index.html]
[otae.com.bd/wp-json/wp/v2/pages/2593.json]
[otae.com.bd/wp-json/oembed/1.0/embed4998.json]
[otae.com.bd/wp-json/oembed/1.0/embedb7c7]
[otae.com.bd/software-products-2/index.html]
[otae.com.bd/wp-json/wp/v2/pages/1450.json]
[otae.com.bd/wp-json/oembed/1.0/embed59be.json]
[otae.com.bd/wp-json/oembed/1.0/embed24a5]
[otae.com.bd/wp-content/uploads/2019/10/SCADA-Panel.jpg]
[otae.com.bd/wp-content/uploads/2019/10/SCADA-Panel-280x210.jpg]
[otae.com.bd/wp-content/uploads/2019/10/Remote-Terminal-Unit.jpg]
[otae.com.bd/wp-content/uploads/2019/10/Remote-Terminal-Unit-280x207.jpg]
[otae.com.bd/wp-content/uploads/2019/10/Motor-Panel-1.jpg]
[otae.com.bd/wp-content/uploads/2019/10/Motor-Panel-1-280x210.jpg]
[otae.com.bd/wp-content/uploads/2019/10/Seven-Chamber-Chemical-Plant.jpg]
[otae.com.bd/wp-content/uploads/2019/10/Seven-Chamber-Chemical-Plant-280x210.jpg]
[otae.com.bd/wp-content/uploads/2019/10/IoT-Based-Home-Automation.jpg]
[otae.com.bd/wp-content/uploads/2019/10/IoT-Based-Home-Automation-227x210.jpg]
[otae.com.bd/wp-content/plugins/js_composer/assets/lib/vc_accordion/vc-accordion.min52c7.js]
[otae.com.bd/wp-content/plugins/js_composer/assets/lib/vc-tta-autoplay/vc-tta-autoplay.min52c7.js]
[otae.com.bd/manufacturing/index.html]
[otae.com.bd/wp-json/wp/v2/pages/1461.json]
[otae.com.bd/wp-json/oembed/1.0/embed7186.json]
[otae.com.bd/wp-json/oembed/1.0/embed0408]
[otae.com.bd/projects/index.html]
[otae.com.bd/wp-content/uploads/2019/10/Contract-Sign.jpg]
[otae.com.bd/news-2/index.html]
[otae.com.bd/wp-json/wp/v2/pages/1633.json]
[otae.com.bd/wp-json/oembed/1.0/embed0b34.json]
[otae.com.bd/wp-json/oembed/1.0/embed04b3]
[otae.com.bd/2-column-news/index.html]
[otae.com.bd/wp-json/wp/v2/pages/1635.json]
[otae.com.bd/wp-json/oembed/1.0/embed425a.json]
[otae.com.bd/wp-json/oembed/1.0/embed3142]
[otae.com.bd/3-column-news/index.html]
[otae.com.bd/indexa070.html]
[otae.com.bd/wp-json/wp/v2/pages/1482.json]
[otae.com.bd/wp-json/oembed/1.0/embed204a.json]
[otae.com.bd/wp-json/oembed/1.0/embed9eab]
[otae.com.bd/wp-content/themes/industrial/js/gmap3.minc8d8.js]
[otae.com.bd/contact-us/index.html]
[otae.com.bd/wp-content/uploads/2019/09/engineering-1.jpg]
[otae.com.bd/contract-signing-for-etap-distribution-network-/feed/index.html]
[otae.com.bd/wp-json/wp/v2/posts/2947.json]
[otae.com.bd/wp-json/oembed/1.0/embeddecc.json]
[otae.com.bd/wp-json/oembed/1.0/embed2cb6]
[otae.com.bd/wp-includes/js/comment-reply.minc8d8.js]
[otae.com.bd/contract-signing-for-etap-distribution-network-/index.html]
[otae.com.bd/wp-json/wp/v2/posts/2939.json]
[otae.com.bd/wp-json/oembed/1.0/embed193f.json]
[otae.com.bd/wp-json/oembed/1.0/embed34d1]
[otae.com.bd/work-order-received-from-r-islam-automobiles-on-cloud-based-automation-industry-management-software-subscription-www-a-mechanics-com/index.html]
[otae.com.bd/wp-json/wp/v2/posts/2920.json]
[otae.com.bd/wp-json/oembed/1.0/embedd5ff.json]
[otae.com.bd/wp-json/oembed/1.0/embedb177]
[otae.com.bd/cloud-based-automation-industry-management-software-subscription-www-a-mechanics-com-and-distributorship/index.html]
[otae.com.bd/wp-json/wp/v2/posts/2699.json]
[otae.com.bd/wp-json/oembed/1.0/embede77d.json]
[otae.com.bd/wp-json/oembed/1.0/embed38e6]
[otae.com.bd/gura-guri-in-turkey/index.html]
[otae.com.bd/wp-json/wp/v2/posts/2274.json]
[otae.com.bd/wp-json/oembed/1.0/embed9797.json]
[otae.com.bd/wp-json/oembed/1.0/embedce6c]
[otae.com.bd/kushtia-gis-project-visit/index.html]
[otae.com.bd/work-order-received-from-r-islam-automobiles-on-cloud-based-automation-industry-management-software-subscription-www-a-mechanics-com/feed/index.html]
[otae.com.bd/wp-json/wp/v2/posts/2263.json]
[otae.com.bd/wp-json/oembed/1.0/embed2a76.json]
[otae.com.bd/wp-json/oembed/1.0/embed895e]
[otae.com.bd/33-11-kv-20-26-66-mva-gis-new-substation-on-turnkey-basis-expansion-and-up-gradation-of-power-distribution-system-project-eaupdsp/index.html]
[otae.com.bd/wp-json/wp/v2/posts/2260.json]
[otae.com.bd/wp-json/oembed/1.0/embede7a5.json]
[otae.com.bd/wp-json/oembed/1.0/embeda7b9]
[otae.com.bd/contract-signing-ceremony/index.html]
[otae.com.bd/wp-json/wp/v2/posts/2257.json]
[otae.com.bd/gura-guri-in-turkey/feed/index.html]
[otae.com.bd/wasa-scada-3rd-phase-contract-signing/index.html]
[otae.com.bd/wp-json/oembed/1.0/embed85a4.json]
[otae.com.bd/wp-json/oembed/1.0/embede5b5]
[otae.com.bd/wp-content/uploads/2019/09/Untitled.png]
[otae.com.bd/portfolio/a-mechanics/index.html]
[otae.com.bd/wp-json/oembed/1.0/embedc9da.json]
[otae.com.bd/wp-json/oembed/1.0/embed3e1e]
[otae.com.bd/wp-content/uploads/2019/09/download-1.jpg]
[otae.com.bd/portfolio/design-supply-erection-testing-and-commissioning-of-one-01-no-132kv-transformer/index.html]
[otae.com.bd/33-11-kv-20-26-66-mva-gis-new-substation-on-turnkey-basis-expansion-and-up-gradation-of-power-distribution-system-project-eaupdsp/feed/index.html]
[otae.com.bd/wp-json/oembed/1.0/embed112a.json]
[otae.com.bd/wp-json/oembed/1.0/embed8d0d]
[otae.com.bd/portfolio/expansion-and-up-gradation-of-power-distribution-system-project-eaupdsp-wzpdcl/index.html]
[otae.com.bd/wp-json/oembed/1.0/embedf344.json]
[otae.com.bd/wp-json/oembed/1.0/embed0dad]
[otae.com.bd/wp-content/uploads/2019/09/rsz_photo-1546448396-6aef80193ceb.jpg]
[otae.com.bd/portfolio/depot-maintenance-work/index.html]
[otae.com.bd/contract-signing-ceremony/feed/index.html]
[otae.com.bd/wp-json/oembed/1.0/embed2442.json]
[otae.com.bd/wp-json/oembed/1.0/embed83aa]
[otae.com.bd/portfolio/banani-5-rectification/index.html]
[otae.com.bd/wp-json/oembed/1.0/embed4ec5.json]
[otae.com.bd/wp-json/oembed/1.0/embedc041]
[otae.com.bd/portfolio/design-supply-installation-testing-and-commissioning-of-dwasa-scada-system-including-one-deep-tube-well-full-turnkey/index.html]
[otae.com.bd/wp-json/oembed/1.0/embed4eb9.json]
[otae.com.bd/wp-json/oembed/1.0/embedce40]
[otae.com.bd/portfolio/construction-of-new-hsd-delivery-line-at-ktl-plant/index.html]
[otae.com.bd/wp-json/oembed/1.0/embed974d.json]
[otae.com.bd/wp-json/oembed/1.0/embedc6d1]
[otae.com.bd/portfolio/design-supplying-and-installation-erection-commissioning-of-lt-panel-for-desh-bandhu-sugar-mills-ltd/index.html]
[otae.com.bd/wp-json/oembed/1.0/embeda4ee.json]
[otae.com.bd/wp-json/oembed/1.0/embed098b]
[otae.com.bd/portfolio/75kw-vfd-maintenance/index.html]
[otae.com.bd/wasa-scada-3rd-phase-contract-signing/feed/index.html]
[otae.com.bd/wp-json/oembed/1.0/embed225e.json]
[otae.com.bd/wp-json/oembed/1.0/embedfc19]
[otae.com.bd/portfolio/maintenance-work-for-6-water-pump-scada/index.html]
[otae.com.bd/wp-json/oembed/1.0/embed1e9c.json]
[otae.com.bd/wp-json/oembed/1.0/embed9c8a]
[otae.com.bd/portfolio/installation-of-automation-system-scada-of-10-deep-tube-well-in-dma-507-dma-503-under-mods-zone-5-dhaka-wasa/index.html]
[otae.com.bd/wp-json/wp/v2/pages/2684.json]
[otae.com.bd/wp-json/oembed/1.0/embedf83f.json]
[otae.com.bd/wp-content/uploads/2019/09/testimonial_rpgcl-1.png]
[otae.com.bd/wp-json/oembed/1.0/embedb8af]
[otae.com.bd/etap-reseller-certificate-bangladesh-2020/index.html]
[otae.com.bd/wp-content/uploads/2019/09/BSRM.png]
[otae.com.bd/wp-json/oembed/1.0/embedc94a.json]
[otae.com.bd/wp-json/oembed/1.0/embed8f48]
[otae.com.bd/important-links/index.html]
[otae.com.bd/wp-content/plugins/js_composer/assets/lib/vc_carousel/css/vc_carousel.min52c7.css]
[otae.com.bd/wp-content/plugins/js_composer/assets/lib/bower/animate-css/animate.min52c7.css]
[otae.com.bd/wp-includes/css/dist/block-library/style.minc8d8.css]
[otae.com.bd/wp-content/plugins/revslider/public/assets/fonts/revicons/revicons90c6.svg]
[otae.com.bd/wp-content/plugins/revslider/public/assets/css/openhand.html]
[otae.com.bd/wp-content/plugins/revslider/public/assets/css/closedhand.html]
[otae.com.bd/wp-content/plugins/js_composer/assets/lib/bower/font-awesome/fonts/fontawesome-webfont3e6e.svg]
[otae.com.bd/wp-content/themes/industrial/css/boxed/pattern-10.html]
[otae.com.bd/wp-content/plugins/js_composer/assets/fonts/vc_icons_v2/fonts/vcpb-plugin-iconsb82a.svg]
[otae.com.bd/wp-content/plugins/js_composer/assets/vc/blur.svg]
[otae.com.bd/wp-content/plugins/js_composer/assets/fonts/vc_grid/vc_grid_v157a1.html]
[otae.com.bd/wp-content/plugins/js_composer/assets/fonts/vc_grid/vc_grid_v157a1-2.html]
[otae.com.bd/wp-content/plugins/js_composer/assets/fonts/vc_grid/vc_grid_v157a1-3.html]
[otae.com.bd/index66f5.html]
[otae.com.bd/wp-content/plugins/js_composer/assets/fonts/vc_grid/vc_grid_v1d41d.eot]
[otae.com.bd/wp-content/plugins/js_composer/assets/images/spinner.gif]
[otae.com.bd/wp-json/oembed/1.0/embed54cf.json]
[otae.com.bd/wp-json/oembed/1.0/embed4d45]
[otae.com.bd/team/wais-mahmood-2/index.html]
[otae.com.bd/wp-json/oembed/1.0/embedc949.json]
[otae.com.bd/wp-json/oembed/1.0/embed04c1]
[otae.com.bd/team/sohel-rana/index.html]
[otae.com.bd/wp-json/oembed/1.0/embed9746.json]
[otae.com.bd/wp-json/oembed/1.0/embed30ab]
[otae.com.bd/wp-content/uploads/2016/01/m_d7d0b118-f999-40c6-93e1-93f6b25180d7.jpg]
[otae.com.bd/team/jasper-arts/index.html]
[otae.com.bd/wp-json/oembed/1.0/embed07c3.json]
[otae.com.bd/team/mizan/index.html]
[otae.com.bd/indexc339.html]
[otae.com.bd/index521a.html]
[otae.com.bd/index1dc1.html]
[otae.com.bd/indexd339.html]
[otae.com.bd/index1697.html]
[otae.com.bd/indexe6eb.html]
[otae.com.bd/indexa748.html]
[otae.com.bd/index1de6.html]
[otae.com.bd/index51b7.html]
[otae.com.bd/index8569.html]
[otae.com.bd/2019/11/index.html]
[otae.com.bd/2019/10/index.html]
[otae.com.bd/2019/09/index.html]
[otae.com.bd/wp-content/plugins/js_composer/assets/css/js_composer_tta.min52c7.css]
[otae.com.bd/index2bd5.html]
[otae.com.bd/wp-json/wp/v2/pages/1774.json]
[otae.com.bd/wp-json/oembed/1.0/embedf5bc.json]
[otae.com.bd/wp-json/oembed/1.0/embedb644]
[otae.com.bd/wp-content/plugins/woocommerce/assets/js/frontend/country-select.minf3df.js]
[otae.com.bd/wp-content/plugins/woocommerce/assets/js/frontend/address-i18n.minf3df.js]
[otae.com.bd/wp-content/plugins/woocommerce/assets/js/frontend/cart.minf3df.js]
[otae.com.bd/wp-content/plugins/woocommerce/assets/js/selectWoo/selectWoo.full.min0ba6.js]
[otae.com.bd/cart/index.html]
[otae.com.bd/wp-json/wp/v2/pages/1775.json]
[otae.com.bd/wp-json/oembed/1.0/embed78fc.json]
[otae.com.bd/wp-json/oembed/1.0/embedfceb]
[otae.com.bd/wp-content/plugins/woocommerce/assets/js/frontend/checkout.minf3df.js]
[otae.com.bd/checkout/index.html]
[otae.com.bd/wp-json/wp/v2/pages/1375.json]
[otae.com.bd/wp-json/oembed/1.0/embed437f.json]
[otae.com.bd/wp-json/oembed/1.0/embed9277]
[otae.com.bd/wp-content/plugins/js_composer/assets/lib/vc_tabs/vc-tabs.min52c7.js]
[otae.com.bd/faq/index.html]
[otae.com.bd/wp-json/wp/v2/pages/1353.json]
[otae.com.bd/wp-json/oembed/1.0/embed4179.json]
[otae.com.bd/wp-json/oembed/1.0/embedf338]
[otae.com.bd/wp-content/uploads/2016/01/project8-1-2.jpg]
[otae.com.bd/wp-content/uploads/2016/01/project8-1-2-300x173.jpg]
[otae.com.bd/wp-content/uploads/2016/01/project7-1-2.jpg]
[otae.com.bd/wp-content/uploads/2016/01/project7-1-2-300x173.jpg]
[otae.com.bd/wp-content/uploads/2016/01/project6-1-2.jpg]
[otae.com.bd/wp-content/uploads/2016/01/project6-1-2-300x173.jpg]
[otae.com.bd/wp-content/uploads/2016/01/project5-1-2.jpg]
[otae.com.bd/wp-content/uploads/2016/01/project5-1-2-300x173.jpg]
[otae.com.bd/wp-content/uploads/2016/01/project4-1-2.jpg]
[otae.com.bd/wp-content/uploads/2016/01/project4-1-2-300x173.jpg]
[otae.com.bd/wp-content/uploads/2016/01/project3-1-2.jpg]
[otae.com.bd/wp-content/uploads/2016/01/project3-1-2-300x173.jpg]
[otae.com.bd/wp-content/uploads/2016/01/project2-1-2.jpg]
[otae.com.bd/wp-content/uploads/2016/01/project2-1-2-300x173.jpg]
[otae.com.bd/gallery/index.html]
[otae.com.bd/wp-json/wp/v2/pages/1776.json]
[otae.com.bd/wp-json/oembed/1.0/embed10d1.json]
[otae.com.bd/wp-json/oembed/1.0/embed58ec]
[otae.com.bd/my-account/index.html]
[otae.com.bd/wp-json/wp/v2/pages/7.json]
[otae.com.bd/wp-json/oembed/1.0/embed6582.json]
[otae.com.bd/wp-json/oembed/1.0/embed4459]
[otae.com.bd/newsletter/index.html]
[otae.com.bd/sample-page/feed/index.html]
[otae.com.bd/wp-json/wp/v2/pages/2.json]
[otae.com.bd/wp-json/oembed/1.0/embede7ce.json]
[otae.com.bd/wp-json/oembed/1.0/embed556c]
[otae.com.bd/sample-page/index.html]
[otae.com.bd/wp-json/wp/v2/pages/1379.json]
[otae.com.bd/wp-json/oembed/1.0/embed8a50.json]
[otae.com.bd/wp-json/oembed/1.0/embed18c0]
[otae.com.bd/typography/index.html]
[otae.com.bd/wp-json/wp/v2/pages/1369.json]
[otae.com.bd/wp-json/oembed/1.0/embed3615.json]
[otae.com.bd/wp-json/oembed/1.0/embedfc43]
[otae.com.bd/video/index.html]
[otae.com.bd/index208d.html]
[otae.com.bd/2-column-news/page/2/index.html]
[otae.com.bd/index652f.html]
[otae.com.bd/3-column-news/page/2/index.html]
[otae.com.bd/indexbac1.html]
[otae.com.bd/_https_/www.google.com/maps/embed16b3.html]
[otae.com.bd/index11c9.html]
[otae.com.bd/category/uncategorized/feed/index.html]
[otae.com.bd/wp-json/wp/v2/categories/1.json]
[otae.com.bd/category/uncategorized/index.html]
[otae.com.bd/contract-signing-for-etap-distribution-network-/index27e8.html]
[otae.com.bd/contract-signing-for-etap-distribution-network-/indexcd4a.html]
[otae.com.bd/contract-signing-for-etap-distribution-network-/indexadd3.html]
[otae.com.bd/contract-signing-for-etap-distribution-network-/indexc3d7.html]
[otae.com.bd/contract-signing-for-etap-distribution-network-/index7321.html]
[otae.com.bd/contract-signing-for-etap-distribution-network-/index64d8.html]
[otae.com.bd/contract-signing-for-etap-distribution-network-/index2485.html]
[otae.com.bd/contract-signing-for-etap-distribution-network-/index6b62.html]
[otae.com.bd/contract-signing-for-etap-distribution-network-/indexeae2.html]
[otae.com.bd/contract-signing-for-etap-distribution-network-/index1ee2.html]
[otae.com.bd/contract-signing-for-etap-distribution-network-/index9712.html]
[otae.com.bd/contract-signing-for-etap-distribution-network-/index3ad4.html]
[otae.com.bd/contract-signing-for-etap-distribution-network-/indexe9da.html]
[otae.com.bd/contract-signing-for-etap-distribution-network-/index74bc.html]
[otae.com.bd/contract-signing-for-etap-distribution-network-/index3359.html]
[otae.com.bd/contract-signing-for-etap-distribution-network-/index9909.html]
[otae.com.bd/contract-signing-for-etap-distribution-network-/index71cd.html]
[otae.com.bd/contract-signing-for-etap-distribution-network-/index1bb7.html]
[otae.com.bd/contract-signing-for-etap-distribution-network-/index02e3.html]
[otae.com.bd/contract-signing-for-etap-distribution-network-/index75f6.html]
[otae.com.bd/contract-signing-for-etap-distribution-network-/index9b41.html]
[otae.com.bd/contract-signing-for-etap-distribution-network-/index8e8d.html]
[otae.com.bd/contract-signing-for-etap-distribution-network-/index20b5.html]
[otae.com.bd/contract-signing-for-etap-distribution-network-/index1c6b.html]
[otae.com.bd/contract-signing-for-etap-distribution-network-/indexd6d3.html]
[otae.com.bd/contract-signing-for-etap-distribution-network-/index3ade.html]
[otae.com.bd/contract-signing-for-etap-distribution-network-/indexcd0b.html]
[otae.com.bd/contract-signing-for-etap-distribution-network-/indexb927.html]
[otae.com.bd/contract-signing-for-etap-distribution-network-/index7ba1.html]
[otae.com.bd/contract-signing-for-etap-distribution-network-/indexb2ad.html]
[otae.com.bd/contract-signing-for-etap-distribution-network-/indexac5a.html]
[otae.com.bd/contract-signing-for-etap-distribution-network-/index45a3.html]
[otae.com.bd/contract-signing-for-etap-distribution-network-/indexad30.html]
[otae.com.bd/contract-signing-for-etap-distribution-network-/indexbd8a.html]
[otae.com.bd/contract-signing-for-etap-distribution-network-/index7bd2.html]
[otae.com.bd/contract-signing-for-etap-distribution-network-/indexc0a9.html]
[otae.com.bd/contract-signing-for-etap-distribution-network-/indexfe66.html]
[otae.com.bd/contract-signing-for-etap-distribution-network-/index454f.html]
[otae.com.bd/contract-signing-for-etap-distribution-network-/indexb565.html]
[otae.com.bd/contract-signing-for-etap-distribution-network-/index0bd0.html]
[otae.com.bd/index021b.html]
[otae.com.bd/work-order-received-from-r-islam-automobiles-on-cloud-based-automation-industry-management-software-subscription-www-a-mechanics-com/index43c5.html]
[otae.com.bd/work-order-received-from-r-islam-automobiles-on-cloud-based-automation-industry-management-software-subscription-www-a-mechanics-com/indexb451.html]
[otae.com.bd/work-order-received-from-r-islam-automobiles-on-cloud-based-automation-industry-management-software-subscription-www-a-mechanics-com/index43d1.html]
[otae.com.bd/work-order-received-from-r-islam-automobiles-on-cloud-based-automation-industry-management-software-subscription-www-a-mechanics-com/index2022.html]
[otae.com.bd/work-order-received-from-r-islam-automobiles-on-cloud-based-automation-industry-management-software-subscription-www-a-mechanics-com/index679f.html]
[otae.com.bd/work-order-received-from-r-islam-automobiles-on-cloud-based-automation-industry-management-software-subscription-www-a-mechanics-com/index8190.html]
[otae.com.bd/work-order-received-from-r-islam-automobiles-on-cloud-based-automation-industry-management-software-subscription-www-a-mechanics-com/indexcb78.html]
[otae.com.bd/work-order-received-from-r-islam-automobiles-on-cloud-based-automation-industry-management-software-subscription-www-a-mechanics-com/index19c4.html]
[otae.com.bd/work-order-received-from-r-islam-automobiles-on-cloud-based-automation-industry-management-software-subscription-www-a-mechanics-com/index0519.html]
[otae.com.bd/work-order-received-from-r-islam-automobiles-on-cloud-based-automation-industry-management-software-subscription-www-a-mechanics-com/index2fd7.html]
[otae.com.bd/work-order-received-from-r-islam-automobiles-on-cloud-based-automation-industry-management-software-subscription-www-a-mechanics-com/index6e16.html]
[otae.com.bd/work-order-received-from-r-islam-automobiles-on-cloud-based-automation-industry-management-software-subscription-www-a-mechanics-com/indexcd53.html]
[otae.com.bd/work-order-received-from-r-islam-automobiles-on-cloud-based-automation-industry-management-software-subscription-www-a-mechanics-com/index5218.html]
[otae.com.bd/work-order-received-from-r-islam-automobiles-on-cloud-based-automation-industry-management-software-subscription-www-a-mechanics-com/index216e.html]
[otae.com.bd/work-order-received-from-r-islam-automobiles-on-cloud-based-automation-industry-management-software-subscription-www-a-mechanics-com/index8aab.html]
[otae.com.bd/work-order-received-from-r-islam-automobiles-on-cloud-based-automation-industry-management-software-subscription-www-a-mechanics-com/index98af.html]
[otae.com.bd/work-order-received-from-r-islam-automobiles-on-cloud-based-automation-industry-management-software-subscription-www-a-mechanics-com/indexd469.html]
[otae.com.bd/work-order-received-from-r-islam-automobiles-on-cloud-based-automation-industry-management-software-subscription-www-a-mechanics-com/index94ea.html]
[otae.com.bd/work-order-received-from-r-islam-automobiles-on-cloud-based-automation-industry-management-software-subscription-www-a-mechanics-com/indexfc9a.html]
[otae.com.bd/work-order-received-from-r-islam-automobiles-on-cloud-based-automation-industry-management-software-subscription-www-a-mechanics-com/index8693.html]
[otae.com.bd/work-order-received-from-r-islam-automobiles-on-cloud-based-automation-industry-management-software-subscription-www-a-mechanics-com/indexffe1.html]
[otae.com.bd/work-order-received-from-r-islam-automobiles-on-cloud-based-automation-industry-management-software-subscription-www-a-mechanics-com/index0073.html]
[otae.com.bd/work-order-received-from-r-islam-automobiles-on-cloud-based-automation-industry-management-software-subscription-www-a-mechanics-com/index085a.html]
[otae.com.bd/index3489.html]
[otae.com.bd/cloud-based-automation-industry-management-software-subscription-www-a-mechanics-com-and-distributorship/indexb621.html]
[otae.com.bd/cloud-based-automation-industry-management-software-subscription-www-a-mechanics-com-and-distributorship/index9f02.html]
[otae.com.bd/cloud-based-automation-industry-management-software-subscription-www-a-mechanics-com-and-distributorship/index5a95.html]
[otae.com.bd/cloud-based-automation-industry-management-software-subscription-www-a-mechanics-com-and-distributorship/index6f2c.html]
[otae.com.bd/cloud-based-automation-industry-management-software-subscription-www-a-mechanics-com-and-distributorship/indexc76a.html]
[otae.com.bd/cloud-based-automation-industry-management-software-subscription-www-a-mechanics-com-and-distributorship/indexc155.html]
[otae.com.bd/cloud-based-automation-industry-management-software-subscription-www-a-mechanics-com-and-distributorship/indexc31e.html]
[otae.com.bd/cloud-based-automation-industry-management-software-subscription-www-a-mechanics-com-and-distributorship/index37ff.html]
[otae.com.bd/cloud-based-automation-industry-management-software-subscription-www-a-mechanics-com-and-distributorship/indexdc80.html]
[otae.com.bd/cloud-based-automation-industry-management-software-subscription-www-a-mechanics-com-and-distributorship/indexf93c.html]
[otae.com.bd/cloud-based-automation-industry-management-software-subscription-www-a-mechanics-com-and-distributorship/index304d.html]
[otae.com.bd/cloud-based-automation-industry-management-software-subscription-www-a-mechanics-com-and-distributorship/indexe26c.html]
[otae.com.bd/indexd80c.html]
[otae.com.bd/cloud-based-automation-industry-management-software-subscription-www-a-mechanics-com-and-distributorship/feed/index.html]
[otae.com.bd/gura-guri-in-turkey/index802f.html]
[otae.com.bd/gura-guri-in-turkey/index0987.html]
[otae.com.bd/gura-guri-in-turkey/index4d78.html]
[otae.com.bd/gura-guri-in-turkey/index19a3.html]
[otae.com.bd/gura-guri-in-turkey/indexbba9.html]
[otae.com.bd/gura-guri-in-turkey/index1545.html]
[otae.com.bd/gura-guri-in-turkey/indexd1c1.html]
[otae.com.bd/gura-guri-in-turkey/indexec70.html]
[otae.com.bd/gura-guri-in-turkey/indexc523.html]
[otae.com.bd/gura-guri-in-turkey/index8d90.html]
[otae.com.bd/gura-guri-in-turkey/indexd2ff.html]
[otae.com.bd/index64dc.html]
[otae.com.bd/kushtia-gis-project-visit/index6244.html]
[otae.com.bd/kushtia-gis-project-visit/indexaa8f.html]
[otae.com.bd/kushtia-gis-project-visit/indexc299.html]
[otae.com.bd/kushtia-gis-project-visit/index4b20.html]
[otae.com.bd/kushtia-gis-project-visit/index7824.html]
[otae.com.bd/kushtia-gis-project-visit/index42ea.html]
[otae.com.bd/kushtia-gis-project-visit/index8cff.html]
[otae.com.bd/kushtia-gis-project-visit/index4138.html]
[otae.com.bd/kushtia-gis-project-visit/index3e86.html]
[otae.com.bd/kushtia-gis-project-visit/index9731.html]
[otae.com.bd/kushtia-gis-project-visit/indexc833.html]
[otae.com.bd/kushtia-gis-project-visit/index131a.html]
[otae.com.bd/kushtia-gis-project-visit/index00bd.html]
[otae.com.bd/kushtia-gis-project-visit/indexd622.html]
[otae.com.bd/index5562.html]
[otae.com.bd/33-11-kv-20-26-66-mva-gis-new-substation-on-turnkey-basis-expansion-and-up-gradation-of-power-distribution-system-project-eaupdsp/index003a.html]
[otae.com.bd/33-11-kv-20-26-66-mva-gis-new-substation-on-turnkey-basis-expansion-and-up-gradation-of-power-distribution-system-project-eaupdsp/indexa0fd.html]
[otae.com.bd/33-11-kv-20-26-66-mva-gis-new-substation-on-turnkey-basis-expansion-and-up-gradation-of-power-distribution-system-project-eaupdsp/indexcfb3.html]
[otae.com.bd/33-11-kv-20-26-66-mva-gis-new-substation-on-turnkey-basis-expansion-and-up-gradation-of-power-distribution-system-project-eaupdsp/index6a15.html]
[otae.com.bd/33-11-kv-20-26-66-mva-gis-new-substation-on-turnkey-basis-expansion-and-up-gradation-of-power-distribution-system-project-eaupdsp/index0f26.html]
[otae.com.bd/33-11-kv-20-26-66-mva-gis-new-substation-on-turnkey-basis-expansion-and-up-gradation-of-power-distribution-system-project-eaupdsp/indexd77f.html]
[otae.com.bd/33-11-kv-20-26-66-mva-gis-new-substation-on-turnkey-basis-expansion-and-up-gradation-of-power-distribution-system-project-eaupdsp/index547b.html]
[otae.com.bd/33-11-kv-20-26-66-mva-gis-new-substation-on-turnkey-basis-expansion-and-up-gradation-of-power-distribution-system-project-eaupdsp/index60b3.html]
[otae.com.bd/33-11-kv-20-26-66-mva-gis-new-substation-on-turnkey-basis-expansion-and-up-gradation-of-power-distribution-system-project-eaupdsp/indexb218.html]
[otae.com.bd/33-11-kv-20-26-66-mva-gis-new-substation-on-turnkey-basis-expansion-and-up-gradation-of-power-distribution-system-project-eaupdsp/index02d2.html]
[otae.com.bd/33-11-kv-20-26-66-mva-gis-new-substation-on-turnkey-basis-expansion-and-up-gradation-of-power-distribution-system-project-eaupdsp/indexc9ff.html]
[otae.com.bd/33-11-kv-20-26-66-mva-gis-new-substation-on-turnkey-basis-expansion-and-up-gradation-of-power-distribution-system-project-eaupdsp/index53fa.html]
[otae.com.bd/33-11-kv-20-26-66-mva-gis-new-substation-on-turnkey-basis-expansion-and-up-gradation-of-power-distribution-system-project-eaupdsp/indexed77.html]
[otae.com.bd/index05b8.html]
[otae.com.bd/contract-signing-ceremony/index17a4.html]
[otae.com.bd/contract-signing-ceremony/index5b55.html]
[otae.com.bd/contract-signing-ceremony/index6c49.html]
[otae.com.bd/contract-signing-ceremony/index1088.html]
[otae.com.bd/contract-signing-ceremony/index663c.html]
[otae.com.bd/contract-signing-ceremony/indexfb3d.html]
[otae.com.bd/contract-signing-ceremony/indexe5b1.html]
[otae.com.bd/contract-signing-ceremony/index64ab.html]
[otae.com.bd/contract-signing-ceremony/indexab5f.html]
[otae.com.bd/contract-signing-ceremony/indexdcd9.html]
[otae.com.bd/contract-signing-ceremony/index055f.html]
[otae.com.bd/contract-signing-ceremony/indexda97.html]
[otae.com.bd/contract-signing-ceremony/indexdb41.html]
[otae.com.bd/contract-signing-ceremony/index2f8f.html]
[otae.com.bd/contract-signing-ceremony/indexb790.html]
[otae.com.bd/contract-signing-ceremony/index4110.html]
[otae.com.bd/contract-signing-ceremony/indexdaed.html]
[otae.com.bd/contract-signing-ceremony/index2477.html]
[otae.com.bd/contract-signing-ceremony/index5c7b.html]
[otae.com.bd/contract-signing-ceremony/index4153.html]
[otae.com.bd/contract-signing-ceremony/index3753.html]
[otae.com.bd/contract-signing-ceremony/index7e38.html]
[otae.com.bd/contract-signing-ceremony/indexb39e.html]
[otae.com.bd/contract-signing-ceremony/index4cac.html]
[otae.com.bd/contract-signing-ceremony/index0fb5.html]
[otae.com.bd/contract-signing-ceremony/index0785.html]
[otae.com.bd/contract-signing-ceremony/indexa8c6.html]
[otae.com.bd/contract-signing-ceremony/indexbf11.html]
[otae.com.bd/contract-signing-ceremony/index2e9b.html]
[otae.com.bd/contract-signing-ceremony/index0e14.html]
[otae.com.bd/contract-signing-ceremony/indexe0e9.html]
[otae.com.bd/contract-signing-ceremony/indexfe64.html]
[otae.com.bd/contract-signing-ceremony/indexed51.html]
[otae.com.bd/contract-signing-ceremony/index0341.html]
[otae.com.bd/contract-signing-ceremony/index3a58.html]
[otae.com.bd/contract-signing-ceremony/indexf9b4.html]
[otae.com.bd/contract-signing-ceremony/index1949.html]
[otae.com.bd/contract-signing-ceremony/index0b14.html]
[otae.com.bd/contract-signing-ceremony/indexc9d1.html]
[otae.com.bd/contract-signing-ceremony/index65a6.html]
[otae.com.bd/indexbe4b.html]
[otae.com.bd/kushtia-gis-project-visit/feed/index.html]
[otae.com.bd/wasa-scada-3rd-phase-contract-signing/indexc08b.html]
[otae.com.bd/wasa-scada-3rd-phase-contract-signing/index16e2.html]
[otae.com.bd/wasa-scada-3rd-phase-contract-signing/index040c.html]
[otae.com.bd/wasa-scada-3rd-phase-contract-signing/index189f.html]
[otae.com.bd/wasa-scada-3rd-phase-contract-signing/indexaecb.html]
[otae.com.bd/wasa-scada-3rd-phase-contract-signing/indexb5e4.html]
[otae.com.bd/wasa-scada-3rd-phase-contract-signing/indexc3f4.html]
[otae.com.bd/wasa-scada-3rd-phase-contract-signing/index24b3.html]
[otae.com.bd/wasa-scada-3rd-phase-contract-signing/index094a.html]
[otae.com.bd/wasa-scada-3rd-phase-contract-signing/indexa3aa.html]
[otae.com.bd/wasa-scada-3rd-phase-contract-signing/index1e14.html]
[otae.com.bd/wasa-scada-3rd-phase-contract-signing/indexa14a.html]
[otae.com.bd/wasa-scada-3rd-phase-contract-signing/index965c.html]
[otae.com.bd/wasa-scada-3rd-phase-contract-signing/index019a.html]
[otae.com.bd/wp-content/uploads/2019/09/Untitled-359x283.png]
[otae.com.bd/index1c75.html]
[otae.com.bd/index05a9.html]
[otae.com.bd/indexa518.html]
[otae.com.bd/index0370.html]
[otae.com.bd/wp-json/oembed/1.0/embedcd80]
[otae.com.bd/wp-json/oembed/1.0/embed12df]
[otae.com.bd/indexdfba.html]
[otae.com.bd/index052f.html]
[otae.com.bd/indexe15a.html]
[otae.com.bd/index032e.html]
[otae.com.bd/wp-json/wp/v2/pages/2691.json]
[otae.com.bd/wp-json/oembed/1.0/embedcc61.json]
[otae.com.bd/wp-json/oembed/1.0/embed943f]
[otae.com.bd/wp-content/uploads/2019/10/m_rupantarita-gas-company.jpg]
[otae.com.bd/rupantarita-prakritik-gas-company-limited/index.html]
[otae.com.bd/index5669.html]
[otae.com.bd/index9276.html]
[otae.com.bd/wp-content/plugins/js_composer/assets/fonts/vc_grid/vc_grid_v157a1.ttf]
[otae.com.bd/index2973.html]
[otae.com.bd/wp-content/uploads/2019/09/bRedCrescent.png]
[otae.com.bd/index4e69.html]
[otae.com.bd/index7bbb.html]
[otae.com.bd/2019/index.html]
[otae.com.bd/wp-content/plugins/woocommerce/assets/css/select2f3df.css]
[otae.com.bd/indexae00.html]
[otae.com.bd/index8951.html]
[otae.com.bd/index3661.html]
[otae.com.bd/indexcab5.html]
[otae.com.bd/indexa706.html]
[otae.com.bd/index2193.html]
[otae.com.bd/index7e0f.html]
[otae.com.bd/wp-json/wp/v2/pages/2477]
[otae.com.bd/wp-json/oembed/1.0/embed8c5b]
[otae.com.bd/wp-content/uploads/2019/09/cropped-otae_logo-Copy-270x270.png]
[otae.com.bd/wp-loginc2b6.html]
[otae.com.bd/indexc4f7.html]
[otae.com.bd/index905b.html]
[otae.com.bd/index876b.html]
[otae.com.bd/index9e60.html]
[otae.com.bd/2-column-news/page/1/index.html]
[otae.com.bd/3-column-news/page/1/index.html]
[otae.com.bd/work-order-received-from-r-islam-automobiles-on-cloud-based-automation-industry-management-software-subscription-www-a-mechanics-com/indexdb40.html]
[otae.com.bd/work-order-received-from-r-islam-automobiles-on-cloud-based-automation-industry-management-software-subscription-www-a-mechanics-com/index1233.html]
[otae.com.bd/work-order-received-from-r-islam-automobiles-on-cloud-based-automation-industry-management-software-subscription-www-a-mechanics-com/indexfd85.html]
[otae.com.bd/work-order-received-from-r-islam-automobiles-on-cloud-based-automation-industry-management-software-subscription-www-a-mechanics-com/index9d80.html]
[otae.com.bd/work-order-received-from-r-islam-automobiles-on-cloud-based-automation-industry-management-software-subscription-www-a-mechanics-com/index9b4f.html]
[otae.com.bd/cloud-based-automation-industry-management-software-subscription-www-a-mechanics-com-and-distributorship/index8a01.html]
[otae.com.bd/cloud-based-automation-industry-management-software-subscription-www-a-mechanics-com-and-distributorship/index7260.html]
[otae.com.bd/gura-guri-in-turkey/index54f0.html]
[otae.com.bd/gura-guri-in-turkey/indexc07c.html]
[otae.com.bd/gura-guri-in-turkey/indexb573.html]
[otae.com.bd/gura-guri-in-turkey/index356a.html]
[otae.com.bd/indexa8b6.html]
[otae.com.bd/wp-json/oembed/1.0/embede1aa.json]
[otae.com.bd/wp-json/oembed/1.0/embed940d]
[otae.com.bd/portfolio/daudkandi-200-mw-hsd-based-power-plant-at-daudkandi-comilla/index.html]
[otae.com.bd/indexc8c7.html]
[otae.com.bd/index3dfd.html]
[otae.com.bd/index827d.html]
[otae.com.bd/index5663.html]
[otae.com.bd/wp-includes/fonts/dashicons7d4b.eot]
[otae.com.bd/wp-includes/fonts/dashicons7d4b.ttf]
[otae.com.bd/wp-includes/css/dashicons.minc8d8.css]
[otae.com.bd/wp-includes/css/buttons.minc8d8.css]
[otae.com.bd/wp-includes/js/zxcvbn-async.min5152.js]
[otae.com.bd/wp-includes/js/dist/vendor/regenerator-runtime.minb36a.js]
[otae.com.bd/wp-includes/js/dist/vendor/wp-polyfill.min2c7c.js]
[otae.com.bd/wp-includes/js/dist/hooks.mine16b.js]
[otae.com.bd/wp-includes/js/dist/i18n.min71a7.js]
[otae.com.bd/wp-includes/js/underscore.min0028.js]
[otae.com.bd/wp-includes/js/wp-util.minc8d8.js]
[otae.com.bd/wp-login.html]
[otae.com.bd/index2c41.html]
